fact start
  entry go
  extrn prout,numb,symb
go = +
 <p <numb '-1000'>> +
 <p <numb '-16777216'>> +
 <p <numb >> +
 <p <numb '+'>> +
 <p <numb '-'>> +
 <p <numb '000000000000000000000000000000001'>> +
 <p <numb '-000000000000000000000000000000001'>> +
 <p <numb '+000000000000000000000000000000001'>> +
 <p <numb '1000000000'>> +
 <p <numb '2147483647'>> +
 <p <numb '+15'>> +
 <prout '/0/:'<symb >> +
 <prout '/0/:'<symb '+'>> +
 <prout '/0/:'<symb '-'>> +
 <prout '/0/:'<symb /0/>> +
 <prout '/16777216/:'<symb /1//0/>> +
 <prout '/1/:'<symb /0//1/>> +
 <prout '/1/:'<symb /0//0//0//0//1/>> +
 <prout '-/1/:'<symb '-'/0//0//0//0//1/>> +
 <prout '/1/:'<symb '+'/0//0//0//0//1/>> +
 <prout <symb /127//16777215/>> +
*  neoty:
 <numb '2147483648'> +
 <numb '-2147483648'> +
 <symb /128//0/> +
 <symb '-'/128//0/> 
*
p  e1 = <prout e1 ' : ' <symb e1>>
 end
